<?xml version="1.0" encoding="UTF-8"?>
<channels>
  <channel site="parse-channels.com" lang="en" xmltv_id="" site_id="240">BBC World News</channel>
  <channel site="parse-channels.com" lang="en" xmltv_id="CNNInternational.us" site_id="140">CNN International</channel>
</channels>
