<?xml version="1.0" encoding="UTF-8" ?><tv date="20221020">
<channel id="Channel1.us"><display-name>Channel 1</display-name><url>https://example.com</url></channel>
<channel id="Channel1.us"><display-name>Channel 1</display-name><url>https://example2.com</url></channel>
<channel id="Channel2.us"><display-name>Channel 2</display-name><url>https://example.com</url></channel>
<channel id="Channel3.us"><display-name>Channel 3</display-name><url>https://example2.com</url></channel>
<channel id="Channel4.us"><display-name>Channel 4</display-name><url>https://example2.com</url></channel>
<programme start="20221019043000 +0000" stop="20221019071000 +0000" channel="Channel1.us"><title lang="en">Program1 (example.com)</title></programme>
<programme start="20221019043000 +0000" stop="20221019071000 +0000" channel="Channel1.us"><title lang="fr">Programme1 (example.com)</title></programme>
<programme start="20221019044000 +0000" stop="20221019071000 +0000" channel="Channel1.us"><title lang="fr">Programme1 (example2.com)</title></programme>
<programme start="20221020043000 +0000" stop="20221020071000 +0000" channel="Channel1.us"><title lang="en">Program1 (example.com)</title></programme>
<programme start="20221020043000 +0000" stop="20221020071000 +0000" channel="Channel1.us"><title lang="fr">Programme1 (example.com)</title></programme>
<programme start="20221020044000 +0000" stop="20221020071000 +0000" channel="Channel1.us"><title lang="fr">Programme1 (example2.com)</title></programme>
<programme start="20221019043000 +0000" stop="20221019071000 +0000" channel="Channel3.us"><title lang="en">Program1 (example2.com)</title></programme>
<programme start="20221020043000 +0000" stop="20221020071000 +0000" channel="Channel3.us"><title lang="en">Program1 (example2.com)</title></programme>
<programme start="20221019043000 +0000" stop="20221019071000 +0000" channel="Channel4.us"><title lang="en">Program1 (example2.com)</title></programme>
<programme start="20221020043000 +0000" stop="20221020071000 +0000" channel="Channel4.us"><title lang="en">Program1 (example2.com)</title></programme>
</tv>